META-INF/
META-INF/MANIFEST.MF
META-INF/services/
META-INF/services/java.nio.file.spi.FileSystemProvider
org/
org/springframework/
org/springframework/boot/
org/springframework/boot/loader/
org/springframework/boot/loader/jar/
org/springframework/boot/loader/jar/ManifestInfo.class
org/springframework/boot/loader/jar/MetaInfVersionsInfo.class
org/springframework/boot/loader/jar/NestedJarFile$JarEntriesEnumeration.class
org/springframework/boot/loader/jar/NestedJarFile$JarEntryInflaterInputStream.class
org/springframework/boot/loader/jar/NestedJarFile$JarEntryInputStream.class
org/springframework/boot/loader/jar/NestedJarFile$NestedJarEntry.class
org/springframework/boot/loader/jar/NestedJarFile$RawZipDataInputStream.class
org/springframework/boot/loader/jar/NestedJarFile$ZipContentEntriesSpliterator.class
org/springframework/boot/loader/jar/NestedJarFile.class
org/springframework/boot/loader/jar/NestedJarFileResources.class
org/springframework/boot/loader/jar/SecurityInfo.class
org/springframework/boot/loader/jar/ZipInflaterInputStream.class
org/springframework/boot/loader/jarmode/
org/springframework/boot/loader/jarmode/JarMode.class
org/springframework/boot/loader/launch/
org/springframework/boot/loader/launch/Archive$Entry.class
org/springframework/boot/loader/launch/Archive.class
org/springframework/boot/loader/launch/ClassPathIndexFile.class
org/springframework/boot/loader/launch/ExecutableArchiveLauncher.class
org/springframework/boot/loader/launch/ExplodedArchive$FileArchiveEntry.class
org/springframework/boot/loader/launch/ExplodedArchive.class
org/springframework/boot/loader/launch/JarFileArchive$JarArchiveEntry.class
org/springframework/boot/loader/launch/JarFileArchive.class
org/springframework/boot/loader/launch/JarLauncher.class
org/springframework/boot/loader/launch/JarModeRunner.class
org/springframework/boot/loader/launch/LaunchedClassLoader$DefinePackageCallType.class
org/springframework/boot/loader/launch/LaunchedClassLoader.class
org/springframework/boot/loader/launch/Launcher.class
org/springframework/boot/loader/launch/PropertiesLauncher$Instantiator$Using.class
org/springframework/boot/loader/launch/PropertiesLauncher$Instantiator.class
org/springframework/boot/loader/launch/PropertiesLauncher.class
org/springframework/boot/loader/launch/SystemPropertyUtils.class
org/springframework/boot/loader/launch/WarLauncher.class
org/springframework/boot/loader/log/
org/springframework/boot/loader/log/DebugLogger$DisabledDebugLogger.class
org/springframework/boot/loader/log/DebugLogger$SystemErrDebugLogger.class
org/springframework/boot/loader/log/DebugLogger.class
org/springframework/boot/loader/net/
org/springframework/boot/loader/net/protocol/
org/springframework/boot/loader/net/protocol/Handlers.class
org/springframework/boot/loader/net/protocol/jar/
org/springframework/boot/loader/net/protocol/jar/Canonicalizer.class
org/springframework/boot/loader/net/protocol/jar/Handler.class
org/springframework/boot/loader/net/protocol/jar/JarFileUrlKey.class
org/springframework/boot/loader/net/protocol/jar/JarUrl.class
org/springframework/boot/loader/net/protocol/jar/JarUrlClassLoader$OptimizedEnumeration.class
org/springframework/boot/loader/net/protocol/jar/JarUrlClassLoader.class
org/springframework/boot/loader/net/protocol/jar/JarUrlConnection$ConnectionInputStream.class
org/springframework/boot/loader/net/protocol/jar/JarUrlConnection$EmptyUrlStreamHandler.class
org/springframework/boot/loader/net/protocol/jar/JarUrlConnection.class
org/springframework/boot/loader/net/protocol/jar/LazyDelegatingInputStream.class
org/springframework/boot/loader/net/protocol/jar/Optimizations.class
org/springframework/boot/loader/net/protocol/jar/UrlJarEntry.class
org/springframework/boot/loader/net/protocol/jar/UrlJarFile.class
org/springframework/boot/loader/net/protocol/jar/UrlJarFileFactory.class
org/springframework/boot/loader/net/protocol/jar/UrlJarFiles$Cache.class
org/springframework/boot/loader/net/protocol/jar/UrlJarFiles.class
org/springframework/boot/loader/net/protocol/jar/UrlJarManifest$ManifestSupplier.class
org/springframework/boot/loader/net/protocol/jar/UrlJarManifest.class
org/springframework/boot/loader/net/protocol/jar/UrlNestedJarFile.class
org/springframework/boot/loader/net/protocol/nested/
org/springframework/boot/loader/net/protocol/nested/Handler.class
org/springframework/boot/loader/net/protocol/nested/NestedLocation.class
org/springframework/boot/loader/net/protocol/nested/NestedUrlConnection$ConnectionInputStream.class
org/springframework/boot/loader/net/protocol/nested/NestedUrlConnection.class
org/springframework/boot/loader/net/protocol/nested/NestedUrlConnectionResources.class
org/springframework/boot/loader/net/util/
org/springframework/boot/loader/net/util/UrlDecoder.class
org/springframework/boot/loader/nio/
org/springframework/boot/loader/nio/file/
org/springframework/boot/loader/nio/file/NestedByteChannel$Resources.class
org/springframework/boot/loader/nio/file/NestedByteChannel.class
org/springframework/boot/loader/nio/file/NestedFileStore.class
org/springframework/boot/loader/nio/file/NestedFileSystem.class
org/springframework/boot/loader/nio/file/NestedFileSystemProvider.class
org/springframework/boot/loader/nio/file/NestedPath.class
org/springframework/boot/loader/ref/
org/springframework/boot/loader/ref/Cleaner.class
org/springframework/boot/loader/ref/DefaultCleaner.class
org/springframework/boot/loader/zip/
org/springframework/boot/loader/zip/ByteArrayDataBlock.class
org/springframework/boot/loader/zip/CloseableDataBlock.class
org/springframework/boot/loader/zip/DataBlock.class
org/springframework/boot/loader/zip/DataBlockInputStream.class
org/springframework/boot/loader/zip/FileChannelDataBlock$ManagedFileChannel.class
org/springframework/boot/loader/zip/FileChannelDataBlock$Tracker.class
org/springframework/boot/loader/zip/FileChannelDataBlock.class
org/springframework/boot/loader/zip/NameOffsetLookups.class
org/springframework/boot/loader/zip/VirtualDataBlock.class
org/springframework/boot/loader/zip/VirtualZipDataBlock$DataPart.class
org/springframework/boot/loader/zip/VirtualZipDataBlock.class
org/springframework/boot/loader/zip/Zip64EndOfCentralDirectoryLocator.class
org/springframework/boot/loader/zip/Zip64EndOfCentralDirectoryRecord.class
org/springframework/boot/loader/zip/ZipCentralDirectoryFileHeaderRecord.class
org/springframework/boot/loader/zip/ZipContent$Entry.class
org/springframework/boot/loader/zip/ZipContent$Kind.class
org/springframework/boot/loader/zip/ZipContent$Loader.class
org/springframework/boot/loader/zip/ZipContent$Source.class
org/springframework/boot/loader/zip/ZipContent.class
org/springframework/boot/loader/zip/ZipDataDescriptorRecord.class
org/springframework/boot/loader/zip/ZipEndOfCentralDirectoryRecord$Located.class
org/springframework/boot/loader/zip/ZipEndOfCentralDirectoryRecord.class
org/springframework/boot/loader/zip/ZipLocalFileHeaderRecord.class
org/springframework/boot/loader/zip/ZipString$CompareType.class
org/springframework/boot/loader/zip/ZipString.class
BOOT-INF/
BOOT-INF/classes/
BOOT-INF/classes/com/
BOOT-INF/classes/com/example/
META-INF/maven/
META-INF/maven/com.example/
META-INF/maven/com.example/non-sql-only-app/
BOOT-INF/classes/com/example/UserRepository.class
BOOT-INF/classes/com/example/User.class
BOOT-INF/classes/com/example/Application.class
BOOT-INF/classes/com/example/UserController.class
META-INF/maven/com.example/non-sql-only-app/pom.xml
META-INF/maven/com.example/non-sql-only-app/pom.properties
BOOT-INF/lib/
BOOT-INF/lib/spring-boot-3.2.3.jar
BOOT-INF/lib/spring-boot-autoconfigure-3.2.3.jar
BOOT-INF/lib/logback-classic-1.4.14.jar
BOOT-INF/lib/logback-core-1.4.14.jar
BOOT-INF/lib/log4j-to-slf4j-2.21.1.jar
BOOT-INF/lib/log4j-api-2.21.1.jar
BOOT-INF/lib/jul-to-slf4j-2.0.12.jar
BOOT-INF/lib/jakarta.annotation-api-2.1.1.jar
BOOT-INF/lib/snakeyaml-2.2.jar
BOOT-INF/lib/jackson-databind-2.15.4.jar
BOOT-INF/lib/jackson-annotations-2.15.4.jar
BOOT-INF/lib/jackson-core-2.15.4.jar
BOOT-INF/lib/jackson-datatype-jdk8-2.15.4.jar
BOOT-INF/lib/jackson-datatype-jsr310-2.15.4.jar
BOOT-INF/lib/jackson-module-parameter-names-2.15.4.jar
BOOT-INF/lib/tomcat-embed-core-10.1.19.jar
BOOT-INF/lib/tomcat-embed-el-10.1.19.jar
BOOT-INF/lib/tomcat-embed-websocket-10.1.19.jar
BOOT-INF/lib/spring-web-6.1.4.jar
BOOT-INF/lib/spring-beans-6.1.4.jar
BOOT-INF/lib/micrometer-observation-1.12.3.jar
BOOT-INF/lib/micrometer-commons-1.12.3.jar
BOOT-INF/lib/spring-webmvc-6.1.4.jar
BOOT-INF/lib/spring-aop-6.1.4.jar
BOOT-INF/lib/spring-context-6.1.4.jar
BOOT-INF/lib/spring-expression-6.1.4.jar
BOOT-INF/lib/aspectjweaver-1.9.21.jar
BOOT-INF/lib/HikariCP-5.0.1.jar
BOOT-INF/lib/spring-jdbc-6.1.4.jar
BOOT-INF/lib/hibernate-core-6.4.4.Final.jar
BOOT-INF/lib/jakarta.persistence-api-3.1.0.jar
BOOT-INF/lib/jakarta.transaction-api-2.0.1.jar
BOOT-INF/lib/jboss-logging-3.5.3.Final.jar
BOOT-INF/lib/hibernate-commons-annotations-6.0.6.Final.jar
BOOT-INF/lib/jandex-3.1.2.jar
BOOT-INF/lib/classmate-1.6.0.jar
BOOT-INF/lib/byte-buddy-1.14.12.jar
BOOT-INF/lib/jaxb-runtime-4.0.4.jar
BOOT-INF/lib/jaxb-core-4.0.4.jar
BOOT-INF/lib/angus-activation-2.0.1.jar
BOOT-INF/lib/txw2-4.0.4.jar
BOOT-INF/lib/istack-commons-runtime-4.1.2.jar
BOOT-INF/lib/jakarta.inject-api-2.0.1.jar
BOOT-INF/lib/antlr4-runtime-4.13.0.jar
BOOT-INF/lib/spring-data-jpa-3.2.3.jar
BOOT-INF/lib/spring-data-commons-3.2.3.jar
BOOT-INF/lib/spring-orm-6.1.4.jar
BOOT-INF/lib/spring-tx-6.1.4.jar
BOOT-INF/lib/slf4j-api-2.0.12.jar
BOOT-INF/lib/spring-aspects-6.1.4.jar
BOOT-INF/lib/h2-2.2.224.jar
BOOT-INF/lib/jakarta.xml.bind-api-4.0.1.jar
BOOT-INF/lib/jakarta.activation-api-2.1.2.jar
BOOT-INF/lib/spring-core-6.1.4.jar
BOOT-INF/lib/spring-jcl-6.1.4.jar
BOOT-INF/lib/spring-boot-jarmode-layertools-3.2.3.jar
BOOT-INF/classpath.idx
BOOT-INF/layers.idx
Total files:      186
